[0.595s] Invoking command in '/home/hari/Downloads/hw01-mujoco-rotations/ros_ws/src/hw01_tf_demo': PYTHONPATH=/home/hari/Downloads/hw01-mujoco-rotations/ros_ws/build/hw01_tf_demo/prefix_override:/usr/lib/python3/dist-packages/colcon_core/task/python/colcon_distutils_commands:/home/hari/Downloads/hw01-mujoco-rotations/ros_ws/install/hw01_tf_demo/lib/python3.10/site-packages:${PYTHONPATH} VIRTUAL_ENV_PROMPT=(.venv) /usr/bin/python3 -W ignore:setup.py install is deprecated -W ignore:easy_install command is deprecated setup.py egg_info --egg-base ../../build/hw01_tf_demo build --build-base /home/hari/Downloads/hw01-mujoco-rotations/ros_ws/build/hw01_tf_demo/build install --record /home/hari/Downloads/hw01-mujoco-rotations/ros_ws/build/hw01_tf_demo/install.log --install-scripts $base/lib/hw01_tf_demo --single-version-externally-managed install_data
[0.792s] /usr/lib/python3/dist-packages/setuptools/dist.py:723: UserWarning: Usage of dash-separated 'script-dir' will not be supported in future versions. Please use the underscore name 'script_dir' instead
[0.792s]   warnings.warn(
[0.800s] running egg_info
[0.801s] creating ../../build/hw01_tf_demo/hw01_tf_demo.egg-info
[0.801s] writing ../../build/hw01_tf_demo/hw01_tf_demo.egg-info/PKG-INFO
[0.801s] writing dependency_links to ../../build/hw01_tf_demo/hw01_tf_demo.egg-info/dependency_links.txt
[0.801s] writing entry points to ../../build/hw01_tf_demo/hw01_tf_demo.egg-info/entry_points.txt
[0.801s] writing requirements to ../../build/hw01_tf_demo/hw01_tf_demo.egg-info/requires.txt
[0.801s] writing top-level names to ../../build/hw01_tf_demo/hw01_tf_demo.egg-info/top_level.txt
[0.801s] writing manifest file '../../build/hw01_tf_demo/hw01_tf_demo.egg-info/SOURCES.txt'
[0.803s] reading manifest file '../../build/hw01_tf_demo/hw01_tf_demo.egg-info/SOURCES.txt'
[0.803s] writing manifest file '../../build/hw01_tf_demo/hw01_tf_demo.egg-info/SOURCES.txt'
[0.803s] running build
[0.803s] running build_py
[0.803s] creating /home/hari/Downloads/hw01-mujoco-rotations/ros_ws/build/hw01_tf_demo/build
[0.803s] creating /home/hari/Downloads/hw01-mujoco-rotations/ros_ws/build/hw01_tf_demo/build/lib
[0.804s] creating /home/hari/Downloads/hw01-mujoco-rotations/ros_ws/build/hw01_tf_demo/build/lib/hw01_tf_demo
[0.804s] copying hw01_tf_demo/__init__.py -> /home/hari/Downloads/hw01-mujoco-rotations/ros_ws/build/hw01_tf_demo/build/lib/hw01_tf_demo
[0.804s] copying hw01_tf_demo/tf_broadcaster_node.py -> /home/hari/Downloads/hw01-mujoco-rotations/ros_ws/build/hw01_tf_demo/build/lib/hw01_tf_demo
[0.804s] running install
[0.804s] running install_lib
[0.805s] creating /home/hari/Downloads/hw01-mujoco-rotations/ros_ws/install/hw01_tf_demo/lib/python3.10/site-packages/hw01_tf_demo
[0.805s] copying /home/hari/Downloads/hw01-mujoco-rotations/ros_ws/build/hw01_tf_demo/build/lib/hw01_tf_demo/__init__.py -> /home/hari/Downloads/hw01-mujoco-rotations/ros_ws/install/hw01_tf_demo/lib/python3.10/site-packages/hw01_tf_demo
[0.805s] copying /home/hari/Downloads/hw01-mujoco-rotations/ros_ws/build/hw01_tf_demo/build/lib/hw01_tf_demo/tf_broadcaster_node.py -> /home/hari/Downloads/hw01-mujoco-rotations/ros_ws/install/hw01_tf_demo/lib/python3.10/site-packages/hw01_tf_demo
[0.805s] byte-compiling /home/hari/Downloads/hw01-mujoco-rotations/ros_ws/install/hw01_tf_demo/lib/python3.10/site-packages/hw01_tf_demo/__init__.py to __init__.cpython-310.pyc
[0.805s] byte-compiling /home/hari/Downloads/hw01-mujoco-rotations/ros_ws/install/hw01_tf_demo/lib/python3.10/site-packages/hw01_tf_demo/tf_broadcaster_node.py to tf_broadcaster_node.cpython-310.pyc
[0.807s] running install_data
[0.807s] creating /home/hari/Downloads/hw01-mujoco-rotations/ros_ws/install/hw01_tf_demo/share/ament_index
[0.807s] creating /home/hari/Downloads/hw01-mujoco-rotations/ros_ws/install/hw01_tf_demo/share/ament_index/resource_index
[0.807s] creating /home/hari/Downloads/hw01-mujoco-rotations/ros_ws/install/hw01_tf_demo/share/ament_index/resource_index/packages
[0.807s] copying resource/hw01_tf_demo -> /home/hari/Downloads/hw01-mujoco-rotations/ros_ws/install/hw01_tf_demo/share/ament_index/resource_index/packages
[0.807s] copying package.xml -> /home/hari/Downloads/hw01-mujoco-rotations/ros_ws/install/hw01_tf_demo/share/hw01_tf_demo
[0.807s] running install_egg_info
[0.810s] Copying ../../build/hw01_tf_demo/hw01_tf_demo.egg-info to /home/hari/Downloads/hw01-mujoco-rotations/ros_ws/install/hw01_tf_demo/lib/python3.10/site-packages/hw01_tf_demo-0.1.0-py3.10.egg-info
[0.810s] running install_scripts
[0.826s] Installing tf_broadcaster_node script to /home/hari/Downloads/hw01-mujoco-rotations/ros_ws/install/hw01_tf_demo/lib/hw01_tf_demo
[0.826s] writing list of installed files to '/home/hari/Downloads/hw01-mujoco-rotations/ros_ws/build/hw01_tf_demo/install.log'
[0.850s] Invoked command in '/home/hari/Downloads/hw01-mujoco-rotations/ros_ws/src/hw01_tf_demo' returned '0': PYTHONPATH=/home/hari/Downloads/hw01-mujoco-rotations/ros_ws/build/hw01_tf_demo/prefix_override:/usr/lib/python3/dist-packages/colcon_core/task/python/colcon_distutils_commands:/home/hari/Downloads/hw01-mujoco-rotations/ros_ws/install/hw01_tf_demo/lib/python3.10/site-packages:${PYTHONPATH} VIRTUAL_ENV_PROMPT=(.venv) /usr/bin/python3 -W ignore:setup.py install is deprecated -W ignore:easy_install command is deprecated setup.py egg_info --egg-base ../../build/hw01_tf_demo build --build-base /home/hari/Downloads/hw01-mujoco-rotations/ros_ws/build/hw01_tf_demo/build install --record /home/hari/Downloads/hw01-mujoco-rotations/ros_ws/build/hw01_tf_demo/install.log --install-scripts $base/lib/hw01_tf_demo --single-version-externally-managed install_data
